
-----
Test: tests/test_buy_product_without_authorization.py::test_buy_product (call)
Start time: 2025-05-02 22:35:28.776542
Start name method: select_product

End time: 2025-05-02 22:35:36.095561
End name method: select_product
URL: https://tomsk.znaemigraem.ru/cart/

-----

-----
Test: tests/test_buy_product_without_authorization.py::test_buy_product (call)
Start time: 2025-05-02 22:35:36.095561
Start name method: check_basket_info_and_continue

End time: 2025-05-02 22:35:38.859892
End name method: check_basket_info_and_continue
URL: https://tomsk.znaemigraem.ru/order/

-----

-----
Test: tests/test_buy_product_without_authorization.py::test_buy_product (call)
Start time: 2025-05-02 22:35:38.861269
Start name method: choose_delivery_option_and_continue

End time: 2025-05-02 22:35:45.478477
End name method: choose_delivery_option_and_continue
URL: https://tomsk.znaemigraem.ru/order/

-----

-----
Test: tests/test_buy_product_without_authorization.py::test_buy_product (call)
Start time: 2025-05-02 22:35:45.478477
Start name method: fill_client_detail_for_unauthorized_user

End time: 2025-05-02 22:35:51.077149
End name method: fill_client_detail_for_unauthorized_user
URL: https://tomsk.znaemigraem.ru/order/

-----
