
-----
Test: tests/test_buy_product_with_authorization.py::test_buy_product (call)
Start time: 2025-05-02 22:33:41.070617
Start name method: authorization

End time: 2025-05-02 22:33:47.637105
End name method: authorization
URL: https://tomsk.znaemigraem.ru/catalog/boardgames/igra-po-tematike/family/

-----

-----
Test: tests/test_buy_product_with_authorization.py::test_buy_product (call)
Start time: 2025-05-02 22:33:47.637105
Start name method: select_product

End time: 2025-05-02 22:33:53.986486
End name method: select_product
URL: https://tomsk.znaemigraem.ru/cart/

-----

-----
Test: tests/test_buy_product_with_authorization.py::test_buy_product (call)
Start time: 2025-05-02 22:33:53.986486
Start name method: check_basket_info_and_continue

End time: 2025-05-02 22:33:56.752022
End name method: check_basket_info_and_continue
URL: https://tomsk.znaemigraem.ru/order/

-----

-----
Test: tests/test_buy_product_with_authorization.py::test_buy_product (call)
Start time: 2025-05-02 22:33:56.752022
Start name method: choose_delivery_option_and_continue

End time: 2025-05-02 22:34:03.292043
End name method: choose_delivery_option_and_continue
URL: https://tomsk.znaemigraem.ru/order/

-----

-----
Test: tests/test_buy_product_with_authorization.py::test_buy_product (call)
Start time: 2025-05-02 22:34:03.292043
Start name method: fill_client_detail_for_authorized_user

End time: 2025-05-02 22:34:08.673601
End name method: fill_client_detail_for_authorized_user
URL: https://tomsk.znaemigraem.ru/order/

-----
